analog@analog:~ $ cat ~/.vnc/*:1.log
11/09/25 21:01:34 Xvnc version TightVNC-1.3.10
11/09/25 21:01:34 Copyright (C) 2000-2009 TightVNC Group
11/09/25 21:01:34 Copyright (C) 1999 AT&T Laboratories Cambridge
11/09/25 21:01:34 All Rights Reserved.
11/09/25 21:01:34 See http://www.tightvnc.com/ for information on TightVNC
11/09/25 21:01:34 Desktop name 'X' (analog:1)
11/09/25 21:01:34 Protocol versions supported: 3.3, 3.7, 3.8, 3.7t, 3.8t
11/09/25 21:01:34 Listening for VNC connections on TCP port 5901
Font directory '/usr/share/fonts/X11/Type1/' not found - ignoring
Font directory '/usr/share/fonts/X11/75dpi/' not found - ignoring
xrdb: No such file or directory
xrdb: can't open file '/home/analog/.Xresources'
** Message: 21:01:35.581: main.vala:103: Session is LXDE
** Message: 21:01:35.582: main.vala:104: DE is LXDE
Xlib:  extension "RANDR" missing on display ":1".
** Message: 21:01:35.657: main.vala:135: log directory: /home/analog/.cache/lxsession/LXDE
** Message: 21:01:35.657: main.vala:136: log path: /home/analog/.cache/lxsession/LXDE/run.log

11/09/25 21:01:57 Got connection from client 192.168.2.187
11/09/25 21:01:57 Using protocol version 3.8
11/09/25 21:02:02 Full-control authentication passed by 192.168.2.187
11/09/25 21:02:02 rfbProcessClientNormalMessage: ignoring unknown encoding -314
11/09/25 21:02:02 rfbProcessClientNormalMessage: ignoring unknown encoding 1464686180
11/09/25 21:02:02 Enabling full-color cursor updates for client 192.168.2.187
11/09/25 21:02:02 Enabling X-style cursor updates for client 192.168.2.187
11/09/25 21:02:02 rfbProcessClientNormalMessage: ignoring unknown encoding 1464686182
11/09/25 21:02:02 rfbProcessClientNormalMessage: ignoring unknown encoding -223
11/09/25 21:02:02 rfbProcessClientNormalMessage: ignoring unknown encoding -308
11/09/25 21:02:02 rfbProcessClientNormalMessage: ignoring unknown encoding -261
11/09/25 21:02:02 rfbProcessClientNormalMessage: ignoring unknown encoding 1464686184
11/09/25 21:02:02 rfbProcessClientNormalMessage: ignoring unknown encoding -307
11/09/25 21:02:02 Enabling LastRect protocol extension for client 192.168.2.187
11/09/25 21:02:02 rfbProcessClientNormalMessage: ignoring unknown encoding -1063131698
11/09/25 21:02:02 rfbProcessClientNormalMessage: ignoring unknown encoding -313
11/09/25 21:02:02 rfbProcessClientNormalMessage: ignoring unknown encoding -312
11/09/25 21:02:02 rfbProcessClientNormalMessage: ignoring unknown encoding -258
11/09/25 21:02:02 Using tight encoding for client 192.168.2.187
11/09/25 21:02:02 rfbProcessClientNormalMessage: ignoring unknown encoding 50
11/09/25 21:02:02 rfbProcessClientNormalMessage: ignoring unknown encoding 16
11/09/25 21:02:02 Using compression level 2 for client 192.168.2.187
11/09/25 21:02:02 Using image quality level 8 for client 192.168.2.187

11/09/25 21:05:03 Got connection from client 192.168.2.187
11/09/25 21:05:03   (other clients 192.168.2.187)
11/09/25 21:05:04 Using protocol version 3.8
11/09/25 21:05:08 rfbVncAuthProcessResponse: authentication failed from 192.168.2.187
11/09/25 21:05:08 Client 192.168.2.187 gone
11/09/25 21:05:08 Statistics:
11/09/25 21:05:08   framebuffer updates 0, rectangles 0, bytes 0

11/09/25 21:05:12 Got connection from client 192.168.2.187
11/09/25 21:05:12   (other clients 192.168.2.187)
11/09/25 21:05:12 Using protocol version 3.8
11/09/25 21:05:19 Full-control authentication passed by 192.168.2.187
11/09/25 21:05:20 Pixel format for client 192.168.2.187:
11/09/25 21:05:20   32 bpp, depth 24, little endian
11/09/25 21:05:20   true colour: max r 255 g 255 b 255, shift r 16 g 8 b 0
11/09/25 21:05:20   no translation needed
11/09/25 21:05:20 Using zlib encoding for client 192.168.2.187
11/09/25 21:05:20 Using compression level 1 for client 192.168.2.187
11/09/25 21:05:20 Enabling X-style cursor updates for client 192.168.2.187
11/09/25 21:05:20 Enabling cursor position updates for client 192.168.2.187
11/09/25 21:05:20 rfbProcessClientNormalMessage: ignoring unknown encoding -131072
11/09/25 21:05:20 rfbProcessClientNormalMessage: ignoring unknown encoding -223
11/09/25 21:05:20 rfbProcessClientNormalMessage: ignoring unknown encoding -308
11/09/25 21:05:20 rfbProcessClientNormalMessage: ignoring unknown encoding -131071
11/09/25 21:05:20 rfbProcessClientNormalMessage: ignoring unknown encoding -131070
11/09/25 21:05:20 rfbProcessClientNormalMessage: ignoring unknown encoding -131069
11/09/25 21:05:20 rfbProcessClientNormalMessage: ignoring unknown encoding -309
11/09/25 21:05:20 rfbProcessClientNormalMessage: ignoring unknown encoding -258

--------
11/09/25 20:52:10 Xvnc version TightVNC-1.3.10
11/09/25 20:52:10 Copyright (C) 2000-2009 TightVNC Group
11/09/25 20:52:10 Copyright (C) 1999 AT&T Laboratories Cambridge
11/09/25 20:52:10 All Rights Reserved.
11/09/25 20:52:10 See http://www.tightvnc.com/ for information on TightVNC
11/09/25 20:52:10 Desktop name 'X' (analog:1)
11/09/25 20:52:10 Protocol versions supported: 3.3, 3.7, 3.8, 3.7t, 3.8t
11/09/25 20:52:10 Listening for VNC connections on TCP port 5901
Font directory '/usr/share/fonts/X11/Type1/' not found - ignoring
Font directory '/usr/share/fonts/X11/75dpi/' not found - ignoring
xrdb: No such file or directory
xrdb: can't open file '/home/analog/.Xresources'
** Message: 20:52:11.288: main.vala:103: Session is LXDE
** Message: 20:52:11.289: main.vala:104: DE is LXDE
Xlib:  extension "RANDR" missing on display ":1".
** Message: 20:52:11.344: main.vala:135: log directory: /home/analog/.cache/lxsession/LXDE
** Message: 20:52:11.345: main.vala:136: log path: /home/analog/.cache/lxsession/LXDE/run.log


----------------------------------



python3 -c "import iio; print('iio desde:', getattr(iio,'__file__',str(iio)))"
python3 -c "from gnuradio import iio as giio; print('gnuradio.iio disponible:', getattr(giio,'__file__',str(giio))); print('contiene fmcomms5?', 'fmcomms5_source_f32c' in dir(giio))"

cd /home/analog/Desktop/EJEMPLOS
cp FM_BEISAGAv1.py FM_BEISAGAv1.py.bak

# Reemplaza la línea "import iio" por "from gnuradio import iio as iio_gn"
# (esto mantiene el resto del script sin demasiados cambios; luego cambiarás las referencias)

sed -i "s/^import iio$/from gnuradio import iio as iio_gn/" FM_BEISAGAv1.py
sed -i "s/\biio\./iio_gn./g" FM_BEISAGAv1.py

python3 FM_BEISAGAv1.py
///////////////////////////////////////////////////////////////
analog@analog:~/gr-iio/build $ python3 -c "import iio; print('iio desde:', getattr(iio,'__file__',str(iio)))"
iio desde: /usr/local/lib/python3.9/dist-packages/iio.py
analog@analog:~/gr-iio/build $ python3 -c "from gnuradio import iio as giio; print('gnuradio.iio disponible:', getattr(giio,'__file__',str(giio))); print('contiene fmcomms5?', 'fmcomms5_source_f32c' in dir(giio))"

Traceback (most recent call last):
  File "<string>", line 1, in <module>
ImportError: cannot import name 'iio' from 'gnuradio' (/usr/lib/python3/dist-packages/gnuradio/__init__.py)


/////////////////////////////////////////////////////////////////////////////analog@analog:~/gr-iio/build $ python3 -c "import iio; print('iio desde:', getattr(iio,'__file__',str(iio)))"
iio desde: /usr/local/lib/python3.9/dist-packages/iio.py
analog@analog:~/gr-iio/build $ python3 -c "from gnuradio import iio as giio; print('gnuradio.iio disponible:', getattr(giio,'__file__',str(giio))); print('contiene fmcomms5?', 'fmcomms5_source_f32c' in dir(giio))"

Traceback (most recent call last):
  File "<string>", line 1, in <module>
ImportError: cannot import name 'iio' from 'gnuradio' (/usr/lib/python3/dist-packages/gnuradio/__init__.py)

Generating: '/home/analog/Desktop/EJEMPLOS/FM_BEISAGAv1.py'

Executing: /usr/bin/python3 -u /home/analog/Desktop/EJEMPLOS/FM_BEISAGAv1.py

Parsing /proc/self/auxv to extract ELF hwcaps!
Parsing /proc/self/auxv to extract ELF hwcaps!
Parsing /proc/self/auxv to extract ELF hwcaps!
Unable to write attribute out_altvoltage0_RX_LO_frequency: -13
Unable to write attribute in_voltage_sampling_frequency: -13
Unable to write attribute in_voltage_rf_bandwidth: -13
Unable to write attribute in_voltage_quadrature_tracking_en: -13
Unable to write attribute in_voltage_rf_dc_offset_tracking_en: -13
Unable to write attribute in_voltage_bb_dc_offset_tracking_en: -13
Unable to write attribute in_voltage0_gain_control_mode: -13
Unable to write attribute in_voltage0_hardwaregain: -13
Unable to write attribute in_voltage1_gain_control_mode: -13
Unable to write attribute in_voltage1_hardwaregain: -13
Unable to write attribute in_voltage0_rf_port_select: -13
Unable to write attribute out_altvoltage0_RX_LO_frequency: -13
Unable to write attribute in_voltage_sampling_frequency: -13
Unable to write attribute in_voltage_rf_bandwidth: -13
Unable to write attribute in_voltage_quadrature_tracking_en: -13
Unable to write attribute in_voltage_rf_dc_offset_tracking_en: -13
Unable to write attribute in_voltage_bb_dc_offset_tracking_en: -13
Unable to write attribute in_voltage0_gain_control_mode: -13
Unable to write attribute in_voltage0_hardwaregain: -13
Unable to write attribute in_voltage1_gain_control_mode: -13
Unable to write attribute in_voltage1_hardwaregain: -13
Unable to write attribute in_voltage0_rf_port_select: -13
gr::log :INFO: audio source - Audio sink arch: alsa
thread[thread-per-block[0]: <block fmcomms5_source(5)>]: Unable to create buffer

--------------------------------------------------------------------------------------------------------------------------
Generating: '/home/analog/Desktop/EJEMPLOS/FM_BEISAGAv1.py'

Executing: /usr/bin/python3 -u /home/analog/Desktop/EJEMPLOS/FM_BEISAGAv1.py

QStandardPaths: XDG_RUNTIME_DIR not set, defaulting to '/tmp/runtime-root'
Parsing /proc/self/auxv to extract ELF hwcaps!
Parsing /proc/self/auxv to extract ELF hwcaps!
Parsing /proc/self/auxv to extract ELF hwcaps!
Traceback (most recent call last):
  File "/home/analog/Desktop/EJEMPLOS/FM_BEISAGAv1.py", line 217, in <module>
    main()
  File "/home/analog/Desktop/EJEMPLOS/FM_BEISAGAv1.py", line 193, in main
    tb = top_block_cls()
  File "/home/analog/Desktop/EJEMPLOS/FM_BEISAGAv1.py", line 141, in __init__
    self.iio_fmcomms5_source_0 = iio.fmcomms5_source_f32c('local:', frecuencia, 2400000000, samp_rate, 20000000, True, False, False, False, 32768, True, True, True, 'slow_attack', 64, 'fast_attack', 64, 'manual', 64, 'manual', 64, 'A_BALANCED', '')
AttributeError: module 'iio' has no attribute 'fmcomms5_source_f32c'

-------------------RESPONSE-----------------------------------------------------------------------------------------------
sudo apt-get update
sudo apt-get install libiio-dev libad9361-dev
git clone https://github.com/analogdevicesinc/gr-iio.git
cd gr-iio
mkdir build && cd build
cmake ..
make -j4
sudo make install
sudo ldconfig
----------------------------------------------------------
analog@analog:~/gr-iio/build $ cmake ..
-- The CXX compiler identification is GNU 10.2.1
-- The C compiler identification is GNU 10.2.1
-- Detecting CXX compiler ABI info
-- Detecting CXX compiler ABI info - done
-- Check for working CXX compiler: /usr/bin/c++ - skipped
-- Detecting CXX compile features
-- Detecting CXX compile features - done
-- Detecting C compiler ABI info
-- Detecting C compiler ABI info - done
-- Check for working C compiler: /usr/bin/cc - skipped
-- Detecting C compile features
-- Detecting C compile features - done
-- Build type not specified: defaulting to release.
-- Found Boost: /usr/lib/arm-linux-gnueabihf/cmake/Boost-1.74.0/BoostConfig.cmake (found suitable version "1.74.0", minimum required is "1.35") found components: filesystem system thread date_time chrono 
-- Found Doxygen: /usr/bin/doxygen (found version "1.9.1") found components: doxygen dot 
-- Found LOG4CPP: /usr/lib/arm-linux-gnueabihf/liblog4cpp.so
CMake Warning (dev) at /usr/share/cmake-3.18/Modules/FindPackageHandleStandardArgs.cmake:273 (message):
  The package name passed to `find_package_handle_standard_args` (PkgConfig)
  does not match the name of the calling package (GMP).  This can lead to
  problems in calling code that expects `find_package` result variables
  (e.g., `_FOUND`) to follow a certain pattern.
Call Stack (most recent call first):
  /usr/share/cmake-3.18/Modules/FindPkgConfig.cmake:59 (find_package_handle_standard_args)
  /usr/lib/arm-linux-gnueabihf/cmake/gnuradio/FindGMP.cmake:2 (include)
  /usr/lib/arm-linux-gnueabihf/cmake/gnuradio/FindMPLIB.cmake:1 (find_package)
  /usr/share/cmake-3.18/Modules/CMakeFindDependencyMacro.cmake:47 (find_package)
  /usr/lib/arm-linux-gnueabihf/cmake/gnuradio/GnuradioConfig.cmake:26 (find_dependency)
  CMakeLists.txt:123 (find_package)
This warning is for project developers.  Use -Wno-dev to suppress it.

-- Found PkgConfig: /usr/bin/pkg-config (found version "0.29.2") 
-- Checking for module 'gmp'
--   Found gmp, version 6.2.1
-- Found GMP: /usr/lib/arm-linux-gnueabihf/libgmpxx.so  
-- Checking for module 'mpir >= 3.0'
--   No package 'mpir' found
-- Could NOT find MPIR (missing: MPIRXX_LIBRARY MPIR_LIBRARY MPIR_INCLUDE_DIR) 
-- Found MPLIB: /usr/lib/arm-linux-gnueabihf/libgmpxx.so  
-- Found Boost: /usr/lib/arm-linux-gnueabihf/cmake/Boost-1.74.0/BoostConfig.cmake (found suitable version "1.74.0", minimum required is "1.74.0") found components: date_time program_options filesystem system regex thread unit_test_framework 
-- Found Volk: Volk::volk  
CMake Warning (dev) at /usr/lib/arm-linux-gnueabihf/cmake/gnuradio/GnuradioConfig.cmake:48 (if):
  if given arguments:

    "ON"

  An argument named "ON" appears in a conditional statement.  Policy CMP0012
  is not set: if() recognizes numbers and boolean constants.  Run "cmake
  --help-policy CMP0012" for policy details.  Use the cmake_policy command to
  set the policy and suppress this warning.
Call Stack (most recent call first):
  CMakeLists.txt:123 (find_package)
This warning is for project developers.  Use -Wno-dev to suppress it.

-- Checking for module 'thrift'
--   Found thrift, version 0.13.0
CMake Error at /usr/lib/arm-linux-gnueabihf/cmake/gnuradio/FindTHRIFT.cmake:70 (GR_PYTHON_CHECK_MODULE):
  Unknown CMake command "GR_PYTHON_CHECK_MODULE".
Call Stack (most recent call first):
  /usr/share/cmake-3.18/Modules/CMakeFindDependencyMacro.cmake:47 (find_package)
  /usr/lib/arm-linux-gnueabihf/cmake/gnuradio/gnuradio-runtimeConfig.cmake:24 (find_dependency)
  /usr/lib/arm-linux-gnueabihf/cmake/gnuradio/GnuradioConfig.cmake:54 (include)
  CMakeLists.txt:123 (find_package)


-- Configuring incomplete, errors occurred!
See also "/home/analog/gr-iio/build/CMakeFiles/CMakeOutput.log".
See also "/home/analog/gr-iio/build/CMakeFiles/CMakeError.log".
----------------------------------------------------------

analog@analog:~/gr-iio/build $ cmake ..
-- The CXX compiler identification is GNU 10.2.1
-- The C compiler identification is GNU 10.2.1
-- Detecting CXX compiler ABI info
-- Detecting CXX compiler ABI info - done
-- Check for working CXX compiler: /usr/bin/c++ - skipped
-- Detecting CXX compile features
-- Detecting CXX compile features - done
-- Detecting C compiler ABI info
-- Detecting C compiler ABI info - done
-- Check for working C compiler: /usr/bin/cc - skipped
-- Detecting C compile features
-- Detecting C compile features - done
-- Build type not specified: defaulting to release.
-- Found Boost: /usr/lib/arm-linux-gnueabihf/cmake/Boost-1.74.0/BoostConfig.cmake (found suitable version "1.74.0", minimum required is "1.35") found components: filesystem system thread date_time chrono 
-- Found Doxygen: /usr/bin/doxygen (found version "1.9.1") found components: doxygen dot 
-- Found LOG4CPP: /usr/lib/arm-linux-gnueabihf/liblog4cpp.so
CMake Warning (dev) at /usr/share/cmake-3.18/Modules/FindPackageHandleStandardArgs.cmake:273 (message):
  The package name passed to `find_package_handle_standard_args` (PkgConfig)
  does not match the name of the calling package (GMP).  This can lead to
  problems in calling code that expects `find_package` result variables
  (e.g., `_FOUND`) to follow a certain pattern.
Call Stack (most recent call first):
  /usr/share/cmake-3.18/Modules/FindPkgConfig.cmake:59 (find_package_handle_standard_args)
  /usr/lib/arm-linux-gnueabihf/cmake/gnuradio/FindGMP.cmake:2 (include)
  /usr/lib/arm-linux-gnueabihf/cmake/gnuradio/FindMPLIB.cmake:1 (find_package)
  /usr/share/cmake-3.18/Modules/CMakeFindDependencyMacro.cmake:47 (find_package)
  /usr/lib/arm-linux-gnueabihf/cmake/gnuradio/GnuradioConfig.cmake:26 (find_dependency)
  CMakeLists.txt:123 (find_package)
This warning is for project developers.  Use -Wno-dev to suppress it.

-- Found PkgConfig: /usr/bin/pkg-config (found version "0.29.2") 
-- Checking for module 'gmp'
--   Found gmp, version 6.2.1
-- Found GMP: /usr/lib/arm-linux-gnueabihf/libgmpxx.so  
-- Checking for module 'mpir >= 3.0'
--   No package 'mpir' found
-- Could NOT find MPIR (missing: MPIRXX_LIBRARY MPIR_LIBRARY MPIR_INCLUDE_DIR) 
-- Found MPLIB: /usr/lib/arm-linux-gnueabihf/libgmpxx.so  
-- Found Boost: /usr/lib/arm-linux-gnueabihf/cmake/Boost-1.74.0/BoostConfig.cmake (found suitable version "1.74.0", minimum required is "1.74.0") found components: date_time program_options filesystem system regex thread unit_test_framework 
-- Found Volk: Volk::volk  
CMake Warning (dev) at /usr/lib/arm-linux-gnueabihf/cmake/gnuradio/GnuradioConfig.cmake:48 (if):
  if given arguments:

    "ON"

  An argument named "ON" appears in a conditional statement.  Policy CMP0012
  is not set: if() recognizes numbers and boolean constants.  Run "cmake
  --help-policy CMP0012" for policy details.  Use the cmake_policy command to
  set the policy and suppress this warning.
Call Stack (most recent call first):
  CMakeLists.txt:123 (find_package)
This warning is for project developers.  Use -Wno-dev to suppress it.

-- Checking for module 'thrift'
--   Found thrift, version 0.13.0
CMake Error at /usr/lib/arm-linux-gnueabihf/cmake/gnuradio/FindTHRIFT.cmake:70 (GR_PYTHON_CHECK_MODULE):
  Unknown CMake command "GR_PYTHON_CHECK_MODULE".
Call Stack (most recent call first):
  /usr/share/cmake-3.18/Modules/CMakeFindDependencyMacro.cmake:47 (find_package)
  /usr/lib/arm-linux-gnueabihf/cmake/gnuradio/gnuradio-runtimeConfig.cmake:24 (find_dependency)
  /usr/lib/arm-linux-gnueabihf/cmake/gnuradio/GnuradioConfig.cmake:54 (include)
  CMakeLists.txt:123 (find_package)


-- Configuring incomplete, errors occurred!
See also "/home/analog/gr-iio/build/CMakeFiles/CMakeOutput.log".
See also "/home/analog/gr-iio/build/CMakeFiles/CMakeError.log".

--------------------------------------------------------------------------

gnuradio-config-info --version
gnuradio-config-info --enabled-components | grep iio || true
which make || make --version 2>/dev/null || echo "make no encontrado"

sudo apt update
sudo apt install -y build-essential cmake git pkg-config \
 libiio-dev libad9361-dev libthrift-dev thrift-compiler python3-thrift \
 gnuradio-dev gnuradio python3-dev swig doxygen libboost-all-dev

/////////////////////////////////////////////////////////////////
analog@analog:~/gr-iio/build $ apt search libiio
Sorting... Done
Full Text Search... Done
gr-iio/oldstable,now 0.3-9+b3 armhf [installed]
  IIO blocks for GnuRadio

iiod/oldstable 0.23-2~bpo11~rpt1 armhf
  Daemon to share IIO devices on the network

libad9361-0/oldstable,now 0.2-1 armhf [installed,automatic]
  Library of functions specific to the Analog Devices AD9361

libad9361-dev/oldstable,now 0.2-1 armhf [installed]
  Development files specific to the Analog Devices AD9361

libgnuradio-iio1/oldstable,now 0.3-9+b3 armhf [installed,automatic]
  IIO blocks for GnuRadio (runtime library)

libiio-dev/oldstable,now 0.23-2~bpo11~rpt1 armhf [installed]
  libiio development files

libiio-utils/oldstable 0.23-2~bpo11~rpt1 armhf
  Miscellaneous libiio utilities

libiio-utils-dbgsym/oldstable 0.23-2~bpo11~rpt1 armhf
  debug symbols for libiio-utils

libiio0/oldstable,now 0.23-2~bpo11~rpt1 armhf [installed,automatic]
  Library for interfacing with IIO devices

libiio0-dbgsym/oldstable 0.23-2~bpo11~rpt1 armhf
  debug symbols for libiio0

libiio0-doc/oldstable 0.23-2~bpo11~rpt1 all
  libiio documentation

python3-libiio/oldstable 0.23-2~bpo11~rpt1 all
  Python bindings for libiio
//////////////////////////////////////////////////////////////

analog@analog:~/gr-iio/build $ apt search gnuradio
Sorting... Done
Full Text Search... Done
gnuradio/oldstable,now 3.8.2.0-14 armhf [installed]
  GNU Radio Software Radio Toolkit

gnuradio-dev/oldstable,now 3.8.2.0-14 armhf [installed]
  GNU Software Defined Radio toolkit development

gnuradio-doc/oldstable 3.8.2.0-14 all
  GNU Software Defined Radio toolkit documentation

gr-air-modes/oldstable 0.0.20190917-2+b4 armhf
  Gnuradio Mode-S/ADS-B radio

gr-dab/oldstable 0.4-2+b6 armhf
  Gnuradio blocks and tools for receiving DAB and DAB+ radio

gr-fcdproplus/oldstable 3.8~20190817-3+b4 armhf
  Funcube Dongle Pro Plus controller for GNU Radio

gr-fosphor/oldstable 3.8~2.2d4fe78-1+b5 armhf
  gnuradio fosphor block (GPU spectrum display)

gr-gsm/oldstable 0.42.2.20200214-1+rpi1+b1 armhf
  Gnuradio blocks and tools for receiving GSM transmissions

gr-hpsdr/oldstable 1.2.1-2+b2 armhf
  gnuradio interface module for OpenHPSDR protocol 1

gr-iio/oldstable,now 0.3-9+b3 armhf [installed]
  IIO blocks for GnuRadio

gr-limesdr/oldstable 3.0.1-2+b5 armhf
  LimeSDR blocks for GnuRadio

gr-osmosdr/oldstable 0.2.2-1+b3 armhf
  Gnuradio blocks from the OsmoSDR project

gr-soapy/oldstable 2.1.3-2 armhf
  SoapySDR blocks for GnuRadio

inspectrum/oldstable 0.2.3-1 armhf
  tool for visualising captured radio signals

libair-modes1/oldstable 0.0.20190917-2+b4 armhf
  Gnuradio Mode-S/ADS-B radio - library

libgnuradio-analog3.8.2/oldstable,now 3.8.2.0-14 armhf [installed,automatic]
  gnuradio analog functions

libgnuradio-audio3.8.2/oldstable,now 3.8.2.0-14 armhf [installed,automatic]
  gnuradio audio functions

libgnuradio-blocks3.8.2/oldstable,now 3.8.2.0-14 armhf [installed,automatic]
  gnuradio blocks functions

libgnuradio-channels3.8.2/oldstable,now 3.8.2.0-14 armhf [installed,automatic]
  gnuradio channels functions

libgnuradio-dab3.8.0/oldstable 0.4-2+b6 armhf
  Shared library for gr-dab (DAB/DAB+ receiver)

libgnuradio-digital3.8.2/oldstable,now 3.8.2.0-14 armhf [installed,automatic]
  gnuradio digital communications functions

libgnuradio-dtv3.8.2/oldstable,now 3.8.2.0-14 armhf [installed,automatic]
  gnuradio digital TV signal processing blocks

libgnuradio-fcdproplus3.8.0/oldstable 3.8~20190817-3+b4 armhf
  Funcube Dongle Pro Plus controller for GNU Radio (runtime)

libgnuradio-fec3.8.2/oldstable,now 3.8.2.0-14 armhf [installed,automatic]
  gnuradio forward error correction support

libgnuradio-fft3.8.2/oldstable,now 3.8.2.0-14 armhf [installed,automatic]
  gnuradio fast Fourier transform functions

libgnuradio-filter3.8.2/oldstable,now 3.8.2.0-14 armhf [installed,automatic]
  gnuradio filter functions

libgnuradio-fosphor3.8.0/oldstable 3.8~2.2d4fe78-1+b5 armhf
  gnuradio fosphor block (GPU spectrum display) (library)

libgnuradio-hpsdr1.2.1/oldstable 1.2.1-2+b2 armhf
  gnuradio library for OpenHPSDR protocol 1

libgnuradio-iio1/oldstable,now 0.3-9+b3 armhf [installed,automatic]
  IIO blocks for GnuRadio (runtime library)

libgnuradio-iqbalance3.8.0/oldstable 0.38-4+b4 armhf
  GNU Radio Blind IQ imbalance estimator and correction (shared library)

libgnuradio-limesdr3.0.1/oldstable 3.0.1-2+b5 armhf
  LimeSDR blocks for GnuRadio (runtime library)

libgnuradio-osmosdr0.2.0/oldstable 0.2.2-1+b3 armhf
  Gnuradio blocks from the OsmoSDR project - library

libgnuradio-pmt3.8.2/oldstable,now 3.8.2.0-14 armhf [installed,automatic]
  gnuradio pmt container library

libgnuradio-qtgui3.8.2/oldstable,now 3.8.2.0-14 armhf [installed,automatic]
  gnuradio Qt graphical user interface functions

libgnuradio-radar1.0.0/oldstable 0.0.0.20180308-4+b5 armhf
  GNU Radio Radar Toolbox - library

libgnuradio-rds1/oldstable 3.8.0.0.f1c584a-3+b5 armhf
  GNU Radio FM RDS/TMC Transceiver (library)

libgnuradio-runtime3.8.2/oldstable,now 3.8.2.0-14 armhf [installed,automatic]
  gnuradio core runtime

libgnuradio-satellites3.5.1/oldstable 3.5.1-2+b2 armhf
  library of satellite telemetry signal decoders

libgnuradio-soapy2.1.3/oldstable 2.1.3-2 armhf
  SoapySDR blocks for GnuRadio (runtime library)

libgnuradio-trellis3.8.2/oldstable,now 3.8.2.0-14 armhf [installed,automatic]
  gnuradio trellis modulation functions

libgnuradio-uhd3.8.2/oldstable,now 3.8.2.0-14 armhf [installed,automatic]
  gnuradio universal hardware driver functions

libgnuradio-video-sdl3.8.2/oldstable,now 3.8.2.0-14 armhf [installed,automatic]
  gnuradio video functions

libgnuradio-vocoder3.8.2/oldstable,now 3.8.2.0-14 armhf [installed,automatic]
  gnuradio vocoder functions

libgnuradio-wavelet3.8.2/oldstable,now 3.8.2.0-14 armhf [installed,automatic]
  gnuradio wavelet functions

libgnuradio-zeromq3.8.2/oldstable,now 3.8.2.0-14 armhf [installed,automatic]
  gnuradio zeromq functions
/////////////////////////////////////////////
analog@analog:~/gr-iio/build $ apt-cache policy libiio
N: Unable to locate package libiio
///////////////////////////////////////////////////////////////////////////
analog@analog:~/gr-iio/build $ apt-cache policy gnuradio
gnuradio:
  Installed: 3.8.2.0-14
  Candidate: 3.8.2.0-14
  Version table:
 *** 3.8.2.0-14 500
        500 http://raspbian.raspberrypi.org/raspbian bullseye/main armhf Packages
        100 /var/lib/dpkg/status
/////////////////////////////////////////////////////////////////




